* What went wrong:
Execution failed for task ':app:mergeDebugJavaResource'.
> A failure occurred while executing com.android.build.gradle.internal.tasks.MergeJavaResWorkAction
   > 4 files found with path 'META-INF/versions/9/OSGI-INF/MANIFEST.MF' from inputs:
      - C:\Users\esati\.gradle\caches\modules-2\files-2.1\org.bouncycastle\bcpkix-jdk18on\1.78.1\17b3541f736df97465f87d9f5b5dfa4991b37bb3\bcpkix-jdk18on-1.78.1.jar
      - C:\Users\esati\.gradle\caches\modules-2\files-2.1\org.bouncycastle\bcutil-jdk18on\1.78.1\5353ca39fe2f148dab9ca1d637a43d0750456254\bcutil-jdk18on-1.78.1.jar
      - C:\Users\esati\.gradle\caches\modules-2\files-2.1\org.bouncycastle\bcprov-jdk18on\1.78.1\39e9e45359e20998eb79c1828751f94a818d25f8\bcprov-jdk18on-1.78.1.jar
      - C:\Users\esati\.gradle\caches\modules-2\files-2.1\org.jspecify\jspecify\1.0.0\7425a601c1c7ec76645a78d22b8c6a627edee507\jspecify-1.0.0.jar
     Adding a packaging block may help, please refer to
     https://developer.android.com/reference/tools/gradle-api/8.7/com/android/build/api/dsl/Packaging
     for more information